[highgradelab.com/stash/dark-freelancer/wp-content/themes/stash/highgrade/images/favicon.png]
[backblue.gif]
[fade.gif]
[index.html]
[ajax.googleapis.com/ajax/libs/webfont/1.5.3/webfont.js]
[highgradelab.com/stash/dark-freelancer/wp-content/plugins/hgr_cta/hgr-cta81db.css]
[highgradelab.com/stash/dark-freelancer/feed/index.html]
[highgradelab.com/stash/dark-freelancer/comments/feed/index.html]
[highgradelab.com/stash/dark-freelancer/wp-content/plugins/contact-form-7/includes/css/stylesef15.css]
[highgradelab.com/stash/dark-freelancer/wp-content/plugins/essential-grid/public/assets/css/settingse24f.css]
[highgradelab.com/stash/dark-freelancer/wp-content/plugins/hgr_vc_extender/includes/css/font-awesome.min81db.css]
[highgradelab.com/stash/dark-freelancer/wp-content/themes/stash/highgrade/css/icons81db.css]
[highgradelab.com/stash/dark-freelancer/wp-content/plugins/js_composer/assets/lib/bower/font-awesome/css/font-awesome.min5fba.css]
[highgradelab.com/stash/dark-freelancer/wp-content/themes/stash/highgrade/css/component81db.css]
[highgradelab.com/stash/dark-freelancer/wp-content/themes/stash/highgrade/css/lity.min81db.css]
[highgradelab.com/stash/dark-freelancer/wp-content/themes/stash/style81db.css]
[highgradelab.com/stash/dark-freelancer/wp-content/plugins/js_composer/assets/css/js_composer.min5fba.css]
[highgradelab.com/stash/dark-freelancer/wp-includes/js/jquery/jqueryb8ff.js]
[highgradelab.com/stash/dark-freelancer/wp-includes/js/jquery/jquery-migrate.min330a.js]
[highgradelab.com/stash/dark-freelancer/wp-content/plugins/essential-grid/public/assets/js/lightboxe24f.js]
[highgradelab.com/stash/dark-freelancer/wp-content/themes/stash/highgrade/js/modernizr.custom81db.js]
[highgradelab.com/stash/dark-freelancer/wp-content/themes/stash/highgrade/js/html5shiv81db.js]
[highgradelab.com/stash/dark-freelancer/wp-content/themes/stash/highgrade/js/respond.min81db.js]
[highgradelab.com/stash/dark-freelancer/wp-content/plugins/hgr_vc_extender/includes/js/classie81db.js]
[highgradelab.com/stash/dark-freelancer/wp-content/plugins/hgr_vc_extender/includes/js/uiMorphingButton_fixed81db.js]
[highgradelab.com/stash/dark-freelancer/wp-content/plugins/hgr_vc_extender/includes/js/uiMorphingButton_inflow81db.js]
[highgradelab.com/stash/dark-freelancer/xmlrpc0db0.php]
[highgradelab.com/stash/dark-freelancer/wp-includes/wlwmanifest.xml]
[highgradelab.com/stash/dark-freelancer/wp-json/index.html]
[highgradelab.com/stash/dark-freelancer/wp-json/oembed/1.0/embedf6ce.json]
[highgradelab.com/stash/dark-freelancer/wp-json/oembed/1.0/embed5a42]
[use.typekit.net/wfn6gbp.js]
[highgradelab.com/stash/dark-freelancer/wp-content/uploads/sites/72/2017/06/logo-white@2x.png]
[highgradelab.com/stash/dark-freelancer/wp-content/uploads/sites/72/2016/11/slider.jpg]
[highgradelab.com/stash/dark-freelancer/wp-content/uploads/sites/72/2016/11/slider-signature.jpg]
[highgradelab.com/stash/dark-freelancer/wp-content/uploads/sites/72/2017/05/portfolio6.jpg]
[highgradelab.com/stash/dark-freelancer/wp-content/uploads/sites/72/2017/05/portfolio2.jpg]
[highgradelab.com/stash/dark-freelancer/wp-content/uploads/sites/72/2017/05/portfolio5.jpg]
[highgradelab.com/stash/dark-freelancer/wp-content/uploads/sites/72/2017/05/portfolio4.jpg]
[highgradelab.com/stash/dark-freelancer/wp-content/uploads/sites/72/2017/05/portfolio3.jpg]
[highgradelab.com/stash/dark-freelancer/wp-content/uploads/sites/72/2017/05/portfolio1.jpg]
[highgradelab.com/stash/dark-freelancer/wp-content/plugins/js_composer/assets/lib/bower/animate-css/animate.min5fba.css]
[highgradelab.com/stash/dark-freelancer/wp-content/plugins/contact-form-7/includes/js/scriptsef15.js]
[highgradelab.com/stash/dark-freelancer/wp-content/plugins/hgr_vc_extender/includes/js/animicons/pathformer81db.js]
[highgradelab.com/stash/dark-freelancer/wp-content/plugins/hgr_vc_extender/includes/js/animicons/vivus81db.js]
[highgradelab.com/stash/dark-freelancer/wp-includes/js/imagesloaded.min55a0.js]
[highgradelab.com/stash/dark-freelancer/wp-content/plugins/js_composer/assets/lib/bower/isotope/dist/isotope.pkgd.min5fba.js]
[highgradelab.com/stash/dark-freelancer/wp-content/plugins/js_composer/assets/lib/waypoints/waypoints.min5fba.js]
[highgradelab.com/stash/dark-freelancer/wp-content/themes/stash/highgrade/js/lity.min81db.js]
[highgradelab.com/stash/dark-freelancer/wp-content/themes/stash/highgrade/js/jquery.animate-colors-min81db.js]
[highgradelab.com/stash/dark-freelancer/wp-content/themes/stash/highgrade/js/velocity.min81db.js]
[highgradelab.com/stash/dark-freelancer/wp-content/themes/stash/highgrade/js/app81db.js]
[highgradelab.com/stash/dark-freelancer/wp-includes/js/wp-embed.min81db.js]
[highgradelab.com/stash/dark-freelancer/wp-content/plugins/js_composer/assets/js/dist/js_composer_front.min5fba.js]
[highgradelab.com/stash/dark-freelancer/wp-content/plugins/js_composer/assets/lib/bower/skrollr/dist/skrollr.min5fba.js]
[highgradelab.com/stash/dark-freelancer/wp-content/plugins/essential-grid/public/assets/js/jquery.themepunch.essential.mine24f.js]
[highgradelab.com/stash/dark-freelancer/wp-content/plugins/hgr_vc_extender/includes/js/jquery.appear81db.js]
[highgradelab.com/stash/dark-freelancer/wp-content/plugins/hgr_vc_extender/includes/js/countto81db.js]
[highgradelab.com/stash/dark-freelancer/wp-content/plugins/hgr_vc_extender/includes/js/tooltip81db.js]
[highgradelab.com/stash/dark-freelancer/wp-content/plugins/hgr_vc_extender/includes/js/hgrblogposts81db.js]
[highgradelab.com/stash/dark-freelancer/index.html]
[highgradelab.com/stash/dark-freelancer/xmlrpc.php]
[highgradelab.com/stash/dark-freelancer/wp-content/plugins/hgr_cta/buy-button@2x.png]
[highgradelab.com/stash/dark-freelancer/wp-content/plugins/hgr_cta/hgr-cta81db.css]
[highgradelab.com/stash/dark-freelancer/wp-content/plugins/contact-form-7/images/ajax-loader.gif]
[highgradelab.com/stash/dark-freelancer/wp-content/plugins/contact-form-7/includes/css/stylesef15.css]
[highgradelab.com/stash/dark-freelancer/wp-content/plugins/essential-grid/public/assets/images/ajax-loader.gif]
[highgradelab.com/stash/dark-freelancer/wp-content/plugins/essential-grid/public/assets/images/loader.gif]
[highgradelab.com/stash/dark-freelancer/wp-content/plugins/essential-grid/public/assets/font/egfontdde9.eot]
[highgradelab.com/stash/dark-freelancer/wp-content/plugins/essential-grid/public/assets/font/egfontdde9.woff]
[highgradelab.com/stash/dark-freelancer/wp-content/plugins/essential-grid/public/assets/font/egfontdde9.ttf]
[highgradelab.com/stash/dark-freelancer/wp-content/plugins/essential-grid/public/assets/css/settingse24f.css]
[highgradelab.com/stash/dark-freelancer/wp-content/plugins/hgr_vc_extender/includes/fonts/fontawesome-webfontba72.eot]
[highgradelab.com/stash/dark-freelancer/wp-content/plugins/hgr_vc_extender/includes/fonts/fontawesome-webfontd41d.eot]
[highgradelab.com/stash/dark-freelancer/wp-content/plugins/hgr_vc_extender/includes/fonts/fontawesome-webfontba72.woff]
[highgradelab.com/stash/dark-freelancer/wp-content/plugins/hgr_vc_extender/includes/fonts/fontawesome-webfontba72.ttf]
[highgradelab.com/stash/dark-freelancer/wp-content/plugins/hgr_vc_extender/includes/css/font-awesome.min81db.css]
[highgradelab.com/stash/dark-freelancer/wp-content/plugins/hgr_vc_extender/includes/css/hgr-vc-extender-elements.min81db.css]
[highgradelab.com/stash/dark-freelancer/wp-content/plugins/hgr_vc_extender/includes/css/outline.min81db.css]
[highgradelab.com/stash/dark-freelancer/wp-content/plugins/revslider/public/assets/css/settings8c43.css]
[highgradelab.com/stash/dark-freelancer/wp-content/themes/stash/highgrade/fonts/social.eot]
[highgradelab.com/stash/dark-freelancer/wp-content/themes/stash/highgrade/fonts/sociald41d.eot]
[highgradelab.com/stash/dark-freelancer/wp-content/themes/stash/highgrade/fonts/social.woff]
[highgradelab.com/stash/dark-freelancer/wp-content/themes/stash/highgrade/fonts/social.ttf]
[highgradelab.com/stash/dark-freelancer/wp-content/themes/stash/highgrade/fonts/blog-icons593e.eot]
[highgradelab.com/stash/dark-freelancer/wp-content/themes/stash/highgrade/fonts/blog-iconsd41d.eot]
[highgradelab.com/stash/dark-freelancer/wp-content/themes/stash/highgrade/fonts/blog-icons593e.woff]
[highgradelab.com/stash/dark-freelancer/wp-content/themes/stash/highgrade/fonts/blog-icons593e.ttf]
[highgradelab.com/stash/dark-freelancer/wp-content/themes/stash/highgrade/fonts/outlined41d.eot]
[highgradelab.com/stash/dark-freelancer/wp-content/themes/stash/highgrade/fonts/outline.woff]
[highgradelab.com/stash/dark-freelancer/wp-content/themes/stash/highgrade/fonts/outline.eot]
[highgradelab.com/stash/dark-freelancer/wp-content/themes/stash/highgrade/fonts/outline.ttf]
[highgradelab.com/stash/dark-freelancer/wp-content/themes/stash/highgrade/fonts/quote.eot]
[highgradelab.com/stash/dark-freelancer/wp-content/themes/stash/highgrade/fonts/quoted41d.eot]
[highgradelab.com/stash/dark-freelancer/wp-content/themes/stash/highgrade/fonts/quote.woff]
[highgradelab.com/stash/dark-freelancer/wp-content/themes/stash/highgrade/fonts/quote.ttf]
[highgradelab.com/stash/dark-freelancer/wp-content/themes/stash/highgrade/fonts/highgradef4fc.eot]
[highgradelab.com/stash/dark-freelancer/wp-content/themes/stash/highgrade/fonts/highgraded41d.eot]
[highgradelab.com/stash/dark-freelancer/wp-content/themes/stash/highgrade/fonts/highgradef4fc.woff]
[highgradelab.com/stash/dark-freelancer/wp-content/themes/stash/highgrade/fonts/highgradef4fc.ttf]
[highgradelab.com/stash/dark-freelancer/wp-content/themes/stash/highgrade/fonts/sage-cart6c06.eot]
[highgradelab.com/stash/dark-freelancer/wp-content/themes/stash/highgrade/fonts/sage-cart6c06.ttf]
[highgradelab.com/stash/dark-freelancer/wp-content/themes/stash/highgrade/fonts/sage-cart6c06.woff]
[highgradelab.com/stash/dark-freelancer/wp-content/themes/stash/highgrade/css/icons81db.css]
[highgradelab.com/stash/dark-freelancer/wp-content/plugins/js_composer/assets/lib/bower/font-awesome/fonts/fontawesome-webfont5b62.eot]
[highgradelab.com/stash/dark-freelancer/wp-content/plugins/js_composer/assets/lib/bower/font-awesome/fonts/fontawesome-webfontd41d.eot]
[highgradelab.com/stash/dark-freelancer/wp-content/plugins/js_composer/assets/lib/bower/font-awesome/fonts/fontawesome-webfont5b62.woff]
[highgradelab.com/stash/dark-freelancer/wp-content/plugins/js_composer/assets/lib/bower/font-awesome/css/font-awesome.min5fba.css]
[highgradelab.com/stash/dark-freelancer/wp-content/themes/stash/highgrade/images/preloader.gif]
[highgradelab.com/stash/dark-freelancer/wp-content/themes/stash/highgrade/css/component81db.css]
[highgradelab.com/stash/dark-freelancer/wp-content/themes/stash/highgrade/css/lity.min81db.css]
[highgradelab.com/stash/dark-freelancer/wp-content/themes/stash/woocommerce/images/add_to_cart_btn.png]
[highgradelab.com/stash/dark-freelancer/wp-content/themes/stash/woocommerce/images/down_arrow.png]
[highgradelab.com/stash/dark-freelancer/wp-content/themes/stash/style81db.css]
[highgradelab.com/stash/dark-freelancer/wp-content/plugins/js_composer/assets/vc/alert.png]
[highgradelab.com/stash/dark-freelancer/wp-content/plugins/js_composer/assets/vc/info.png]
[highgradelab.com/stash/dark-freelancer/wp-content/plugins/js_composer/assets/vc/tick.png]
[highgradelab.com/stash/dark-freelancer/wp-content/plugins/js_composer/assets/vc/exclamation.png]
[highgradelab.com/stash/dark-freelancer/wp-content/plugins/js_composer/assets/images/icons/address-book.png]
[highgradelab.com/stash/dark-freelancer/wp-content/plugins/js_composer/assets/images/icons/alarm-clock.png]
[highgradelab.com/stash/dark-freelancer/wp-content/plugins/js_composer/assets/images/icons/anchor.png]
[highgradelab.com/stash/dark-freelancer/wp-content/plugins/js_composer/assets/images/icons/application-image.png]
[highgradelab.com/stash/dark-freelancer/wp-content/plugins/js_composer/assets/images/icons/arrow.png]
[highgradelab.com/stash/dark-freelancer/wp-content/plugins/js_composer/assets/images/icons/asterisk.png]
[highgradelab.com/stash/dark-freelancer/wp-content/plugins/js_composer/assets/images/icons/auction-hammer.png]
[highgradelab.com/stash/dark-freelancer/wp-content/plugins/js_composer/assets/images/icons/balloon.png]
[highgradelab.com/stash/dark-freelancer/wp-content/plugins/js_composer/assets/images/icons/balloon-buzz.png]
[highgradelab.com/stash/dark-freelancer/wp-content/plugins/js_composer/assets/images/icons/binocular.png]
[highgradelab.com/stash/dark-freelancer/wp-content/plugins/js_composer/assets/images/icons/blue-document-excel.png]
[highgradelab.com/stash/dark-freelancer/wp-content/plugins/js_composer/assets/images/icons/blue-document-image.png]
[highgradelab.com/stash/dark-freelancer/wp-content/plugins/js_composer/assets/images/icons/blue-document-music.png]
[highgradelab.com/stash/dark-freelancer/wp-content/plugins/js_composer/assets/images/icons/blue-document-office.png]
[highgradelab.com/stash/dark-freelancer/wp-content/plugins/js_composer/assets/images/icons/blue-document-pdf.png]
[highgradelab.com/stash/dark-freelancer/wp-content/plugins/js_composer/assets/images/icons/blue-document-word.png]
[highgradelab.com/stash/dark-freelancer/wp-content/plugins/js_composer/assets/images/icons/bookmark.png]
[highgradelab.com/stash/dark-freelancer/wp-content/plugins/js_composer/assets/images/icons/camcorder.png]
[highgradelab.com/stash/dark-freelancer/wp-content/plugins/js_composer/assets/images/icons/camera.png]
[highgradelab.com/stash/dark-freelancer/wp-content/plugins/js_composer/assets/images/icons/chart.png]
[highgradelab.com/stash/dark-freelancer/wp-content/plugins/js_composer/assets/images/icons/chart-pie.png]
[highgradelab.com/stash/dark-freelancer/wp-content/plugins/js_composer/assets/images/icons/clock.png]
[highgradelab.com/stash/dark-freelancer/wp-content/plugins/js_composer/assets/images/icons/fire.png]
[highgradelab.com/stash/dark-freelancer/wp-content/plugins/js_composer/assets/images/icons/heart.png]
[highgradelab.com/stash/dark-freelancer/wp-content/plugins/js_composer/assets/images/icons/mail.png]
[highgradelab.com/stash/dark-freelancer/wp-content/plugins/js_composer/assets/images/icons/plus-shield.png]
[highgradelab.com/stash/dark-freelancer/wp-content/plugins/js_composer/assets/images/icons/video.png]
[highgradelab.com/stash/dark-freelancer/wp-content/plugins/js_composer/assets/fonts/vc_icons/fonts/VC-Icons8309.ttf]
[highgradelab.com/stash/dark-freelancer/wp-content/plugins/js_composer/assets/fonts/vc_icons/fonts/VC-Icons8309.woff]
[highgradelab.com/stash/dark-freelancer/wp-content/plugins/js_composer/assets/images/toggle_close.png]
[highgradelab.com/stash/dark-freelancer/wp-content/plugins/js_composer/assets/images/flickr.png]
[highgradelab.com/stash/dark-freelancer/wp-content/plugins/js_composer/assets/fonts/vc_grid/vc_grid_v157a1.eot]
[highgradelab.com/stash/dark-freelancer/wp-content/plugins/js_composer/assets/fonts/vc_grid/vc_grid_v1d41d.eot]
[highgradelab.com/stash/dark-freelancer/wp-content/plugins/js_composer/assets/fonts/vc_grid/vc_grid_v157a1.woff]
[highgradelab.com/stash/dark-freelancer/wp-content/plugins/js_composer/assets/fonts/vc_grid/vc_grid_v157a1.ttf]
[highgradelab.com/stash/dark-freelancer/wp-content/plugins/js_composer/assets/vc/remove.png]
[highgradelab.com/stash/dark-freelancer/wp-content/plugins/js_composer/assets/css/js_composer.min5fba.css]
[highgradelab.com/stash/dark-freelancer/2014/02/27/love-these/feed/index.html]
[highgradelab.com/stash/dark-freelancer/wp-content/plugins/revslider/public/assets/js/jquery.themepunch.revolution.min8c43.js]
[highgradelab.com/stash/dark-freelancer/wp-json/oembed/1.0/embeda3d0.json]
[highgradelab.com/stash/dark-freelancer/wp-content/plugins/essential-grid/public/assets/js/jquery.themepunch.tools.mine24f.js]
[highgradelab.com/stash/dark-freelancer/wp-json/oembed/1.0/embede5ba]
[highgradelab.com/stash/dark-freelancer/wp-includes/js/comment-reply.min81db.js]
[highgradelab.com/stash/dark-freelancer/2014/02/27/love-these/index.html]
[highgradelab.com/stash/dark-freelancer/2014/02/27/there-you-go/feed/index.html]
[highgradelab.com/stash/dark-freelancer/wp-json/oembed/1.0/embedd13b.json]
[highgradelab.com/stash/dark-freelancer/wp-json/oembed/1.0/embedea76]
[highgradelab.com/stash/dark-freelancer/2014/02/27/there-you-go/index.html]
[highgradelab.com/stash/dark-freelancer/wp-json/oembed/1.0/embeddb2b.json]
[highgradelab.com/stash/dark-freelancer/2014/02/27/heading-into-monday/feed/index.html]
[highgradelab.com/stash/dark-freelancer/wp-json/oembed/1.0/embedbde4]
[highgradelab.com/stash/dark-freelancer/2014/02/27/heading-into-monday/index.html]
[highgradelab.com/stash/dark-freelancer/wp-content/plugins/js_composer/assets/lib/bower/animate-css/animate.min5fba.css]
[highgradelab.com/stash/dark-freelancer/wp-content/plugins/essential-grid/public/assets/font/egfontdde9.svg]
[highgradelab.com/stash/dark-freelancer/wp-content/plugins/hgr_vc_extender/includes/fonts/fontawesome-webfontba72.svg]
[highgradelab.com/stash/dark-freelancer/wp-content/plugins/hgr_vc_extender/includes/css/outline.min81db.css]
[highgradelab.com/stash/dark-freelancer/wp-content/plugins/hgr_vc_extender/includes/css/hgr-vc-extender-elements.min81db.css]
[highgradelab.com/stash/dark-freelancer/wp-content/plugins/revslider/public/assets/fonts/revicons/revicons90c6.eot]
[highgradelab.com/stash/dark-freelancer/wp-content/plugins/revslider/public/assets/fonts/revicons/revicons90c6.woff]
[highgradelab.com/stash/dark-freelancer/wp-content/plugins/revslider/public/assets/fonts/revicons/revicons90c6.ttf]
[highgradelab.com/stash/dark-freelancer/wp-content/plugins/revslider/public/assets/assets/gridtile.png]
[highgradelab.com/stash/dark-freelancer/wp-content/plugins/revslider/public/assets/assets/gridtile_white.png]
[highgradelab.com/stash/dark-freelancer/wp-content/plugins/revslider/public/assets/assets/gridtile_3x3.png]
[highgradelab.com/stash/dark-freelancer/wp-content/plugins/revslider/public/assets/assets/gridtile_3x3_white.png]
[highgradelab.com/stash/dark-freelancer/wp-content/plugins/revslider/public/assets/assets/coloredbg.png]
[highgradelab.com/stash/dark-freelancer/wp-content/plugins/revslider/public/assets/assets/loader.gif]
[highgradelab.com/stash/dark-freelancer/wp-content/plugins/revslider/public/assets/css/settings8c43.css]
[highgradelab.com/stash/dark-freelancer/wp-content/themes/stash/highgrade/fonts/social.svg]
[highgradelab.com/stash/dark-freelancer/wp-content/themes/stash/highgrade/fonts/blog-icons593e.svg]
[highgradelab.com/stash/dark-freelancer/wp-content/themes/stash/highgrade/fonts/outline.svg]
[highgradelab.com/stash/dark-freelancer/wp-content/themes/stash/highgrade/fonts/quote.svg]
[highgradelab.com/stash/dark-freelancer/wp-content/themes/stash/highgrade/fonts/preloader5b7a.html]
[highgradelab.com/stash/dark-freelancer/wp-content/themes/stash/highgrade/fonts/highgradef4fc.svg]
[highgradelab.com/stash/dark-freelancer/wp-content/themes/stash/highgrade/fonts/sage-cart6c06.svg]
[highgradelab.com/stash/dark-freelancer/wp-content/plugins/js_composer/assets/lib/bower/font-awesome/fonts/fontawesome-webfont5b62.svg]
[highgradelab.com/stash/dark-freelancer/wp-content/plugins/js_composer/assets/images/icons/blue-document-powerpoint.png]
[highgradelab.com/stash/dark-freelancer/wp-content/plugins/js_composer/assets/images/icons/control.png]
[highgradelab.com/stash/dark-freelancer/wp-content/plugins/js_composer/assets/images/icons/balloon-twitter.png]
[highgradelab.com/stash/dark-freelancer/wp-content/plugins/js_composer/assets/images/icons/battery-full.png]
[highgradelab.com/stash/dark-freelancer/wp-content/plugins/js_composer/assets/fonts/vc_icons/fonts/VC-Icons8309.svg]
[highgradelab.com/stash/dark-freelancer/wp-content/plugins/js_composer/assets/fonts/vc_grid/vc_grid_v157a1.svg]
[highgradelab.com/stash/dark-freelancer/wp-content/themes/stash/custom-styles81db.css]
[highgradelab.com/stash/dark-freelancer/index0cf1.html]
[highgradelab.com/stash/dark-freelancer/author/admin/index.html]
[highgradelab.com/stash/dark-freelancer/category/photography/index.html]
[highgradelab.com/stash/dark-freelancer/tag/great-tag/index.html]
[highgradelab.com/stash/dark-freelancer/2014/02/index.html]
[highgradelab.com/stash/dark-freelancer/category/web-design/index.html]
[highgradelab.com/stash/dark-freelancer/tag/great-tag/feed/index.html]
[highgradelab.com/stash/dark-freelancer/category/web-design/feed/index.html]
[highgradelab.com/stash/dark-freelancer/wp-login.html]
[highgradelab.com/stash/dark-freelancer/index0bc1.html]
[highgradelab.com/stash/dark-freelancer/tag/another-tag/index.html]
[highgradelab.com/stash/dark-freelancer/tag/one-tag/index.html]
[highgradelab.com/stash/dark-freelancer/tag/another-tag/feed/index.html]
[highgradelab.com/stash/dark-freelancer/wp-admin/load-stylesfb70.css]
[highgradelab.com/stash/dark-freelancer/indexd3cd.html]
[highgradelab.com/stash/dark-freelancer/tag/no-tag/index.html]
[highgradelab.com/stash/dark-freelancer/wp-content/plugins/hgr_vc_extender/includes/fonts/outline.woff]
[highgradelab.com/stash/dark-freelancer/wp-content/plugins/hgr_vc_extender/includes/fonts/outline.svg]
[highgradelab.com/stash/dark-freelancer/wp-content/plugins/revslider/public/assets/fonts/revicons/revicons90c6.svg]
[highgradelab.com/stash/dark-freelancer/wp-content/plugins/revslider/public/assets/css/openhand.html]
[highgradelab.com/stash/dark-freelancer/wp-content/plugins/revslider/public/assets/css/closedhand.html]
[highgradelab.com/stash/dark-freelancer/wp-content/themes/stash/highgrade/fonts/preloader5b7a.eot]
[highgradelab.com/stash/dark-freelancer/wp-content/themes/stash/highgrade/fonts/preloaderd41d.eot]
[highgradelab.com/stash/dark-freelancer/wp-content/themes/stash/highgrade/fonts/preloader5b7a.woff]
[highgradelab.com/stash/dark-freelancer/wp-content/themes/stash/highgrade/fonts/preloader5b7a.ttf]
[highgradelab.com/stash/dark-freelancer/wp-content/plugins/hgr_vc_extender/includes/fonts/outlined41d.eot]
[highgradelab.com/stash/dark-freelancer/tag/one-tag/feed/index.html]
[highgradelab.com/stash/dark-freelancer/wp-content/plugins/js_composer/assets/lib/bower/font-awesome/fonts/fontawesome-webfont5b62.ttf]
[highgradelab.com/stash/dark-freelancer/wp-content/plugins/js_composer/assets/images/spinner.gif]
[highgradelab.com/stash/dark-freelancer/wp-content/plugins/js_composer/assets/images/toggle_open.png]
[highgradelab.com/stash/dark-freelancer/category/photography/feed/index.html]
[highgradelab.com/stash/dark-freelancer/author/admin/feed/index.html]
[highgradelab.com/stash/dark-freelancer/wp-admin/load-stylesfb70.css]
[highgradelab.com/stash/dark-freelancer/wp-admin/index.html]
[highgradelab.com/stash/dark-freelancer/wp-content/plugins/js_composer/assets/lib/bower/font-awesome/fonts/fontawesome-webfont5b62.woff2]
[highgradelab.com/stash/dark-freelancer/wp-content/themes/img/cd-background-img.html]
[highgradelab.com/stash/dark-freelancer/wp-content/plugins/js_composer/assets/images/icons/balloon-facebook.png]
[highgradelab.com/stash/dark-freelancer/tag/no-tag/feed/index.html]
[highgradelab.com/stash/dark-freelancer/wp-content/plugins/hgr_vc_extender/includes/fonts/outline.ttf]
[highgradelab.com/stash/dark-freelancer/wp-content/plugins/hgr_vc_extender/includes/fonts/outline.eot]
[highgradelab.com/stash/dark-freelancer/wp-includes/fonts/dashicons.eot]
[highgradelab.com/stash/dark-freelancer/wp-login5c98.html]
[highgradelab.com/stash/dark-freelancer/wp-content/plugins/hgr_vc_extender/includes/includes/gfx/elements-images/grabbing.html]
[highgradelab.com/stash/dark-freelancer/wp-content/plugins/hgr_vc_extender/includes/includes/gfx/elements-images/AjaxLoader.html]
[highgradelab.com/stash/dark-freelancer/wp-admin/images/loading.gif]
[highgradelab.com/stash/dark-freelancer/wp-admin/images/w-logo-blue7a53.png]
[highgradelab.com/stash/dark-freelancer/wp-admin/images/wordpress-logo7d6b.svg]
[highgradelab.com/stash/dark-freelancer/wp-admin/&reauth=1]
